py : 2026-03-10 14:43:31.659 Script compilation error
At line:1 char:1
+ py -m streamlit run app.py 2> errors.txt
+ ~~~~~~~~~~~~~~~~~~~~~~~~~~~~~~~~~~~~~~~~
    + CategoryInfo          : NotSpecified: (2026-03-10 14:4...mpilation error:Str 
   ing) [], RemoteException
    + FullyQualifiedErrorId : NativeCommandError
 
Traceback (most recent call last):
  File "C:\Users\ADMIN\AppData\Local\Programs\Python\Python313\Lib\site-packages\st
reamlit\runtime\scriptrunner\script_runner.py", line 591, in _run_script
    code = self._script_cache.get_bytecode(script_path)
  File "C:\Users\ADMIN\AppData\Local\Programs\Python\Python313\Lib\site-packages\st
reamlit\runtime\scriptrunner\script_cache.py", line 72, in get_bytecode
    filebody = magic.add_magic(filebody, script_path)
  File "C:\Users\ADMIN\AppData\Local\Programs\Python\Python313\Lib\site-packages\st
reamlit\runtime\scriptrunner\magic.py", line 45, in add_magic
    tree = ast.parse(code, script_path, "exec")
  File "C:\Users\ADMIN\AppData\Local\Programs\Python\Python313\Lib\ast.py", line 
54, in parse
    return compile(source, filename, mode, flags,
                   _feature_version=feature_version, optimize=optimize)
  File "D:\BeiSmartKE WEBSCRAPER PROJECT\app.py", line 448
    ```
    ^
SyntaxError: invalid syntax
2026-03-10 14:43:33.628 Thread 'MainThread': missing ScriptRunContext! This 
warning can be ignored when running in bare mode.
